G:                                                      
F: -----------------------------------------------------
E:                                                      
D: -----------------------------------------------------
C:                                                      
B: -----------------------------------------------------
A:                                                      
g: ---------------------------**-*----------------------
f:                   *             *                    
e: **-*----------------*-------------**-**-*-------*----
d:      *       ** *     *                   *   *      
c:        ** **            **                  *     ***
b:                                                      
a: -----------------------------------------------------
